    Finished `dev` profile [unoptimized + debuginfo] target(s) in 0.04s
    Finished `test` profile [unoptimized + debuginfo] target(s) in 0.03s
     Running unittests src/lib.rs (target/debug/deps/capture_delegate_backend-60a180871d494e46)

running 31 tests
test tests::cleanup_blocker_keeps_shutdown_waiting_after_run_id_release ... ok
test tests::active_run_registry_rejects_duplicates_and_releases_ids_on_teardown ... ok
test tests::cleanup_does_not_unlink_replacement_socket ... ok
test store::tests::opening_a_newer_store_fails_without_touching_the_data ... ok
test store::tests::a_pre_existing_parent_directory_keeps_its_permissions ... ok
test store::tests::opening_a_new_store_applies_every_migration ... ok
test tests::closing_stdin_rejects_later_input ... ok
test tests::completed_child_wins_over_a_pending_cancellation ... ok
test tests::completed_child_wins_over_an_elapsed_timeout ... ok
test tests::injected_internal_error_writes_nothing_after_client_death ... ok
test tests::benign_output_is_not_changed_by_redaction ... ok
test tests::exhausted_process_slots_emit_a_terminal_capacity_failure_without_waiting ... ok
test store::tests::reopening_a_store_does_not_re_run_migrations ... ok
test tests::nonexistent_executable_emits_a_structured_terminal_frame ... ok
test tests::output_scalar_split_at_read_boundary_is_not_corrupted ... ok
test tests::pausing_before_the_process_group_is_known_records_the_pause_without_signalling ... ok
test tests::pending_stdin_capacity_rejection_is_atomic_and_closed_takes_precedence ... ok
test tests::cat_process_outputs_before_one_exit_frame ... ok
test tests::input_buffered_before_stdin_is_published_is_delivered_in_order ... ok
test tests::secret_pattern_classes_are_redacted_and_counted ... ok
test tests::shutdown_cancels_existing_runs_and_rejects_new_registrations ... ok
Initialized empty Git repository in /Users/krishgarg/conductor/workspaces/cue/moroni/target/branch-owner-1788230606916249000/repository/.git/
Initialized empty Git repository in /Users/krishgarg/conductor/workspaces/cue/moroni/target/orphan-cleanup-57943-1788230606921605000/repository/.git/
test tests::bounded_command_runner_kills_and_reaps_a_hung_child ... ok
Initialized empty Git repository in /Users/krishgarg/conductor/workspaces/cue/moroni/target/worktree-owner-57943-1788230606922652000/repository/.git/
Initialized empty Git repository in /Users/krishgarg/conductor/workspaces/cue/moroni/target/orphan-forged-metadata-57943-1788230606921258000/foreign-repository/.git/
test tests::injected_internal_error_emits_one_terminal_frame_and_releases_the_run_id ... ok
[main (root-commit) 542a962] initial
[main (root-commit) 542a962] initial
[main (root-commit) 542a962] initial
[main (root-commit) 542a962] initial
test tests::typed_terminal_frame_suppresses_the_internal_error_fallback ... ok
Switched to a new branch 'capture-delegate/preexisting'
Preparing worktree (new branch 'capture-delegate/run-dead-owner')
Preparing worktree (new branch 'capture-delegate/run-foreign-target')
HEAD is now at 542a962 initial
HEAD is now at 542a962 initial
Preparing worktree (new branch 'capture-delegate/run-live-owner')
HEAD is now at 542a962 initial
542a9628e69937093f4e332752df07633936abad
Deleted branch capture-delegate/run-foreign-target (was 542a962).
test tests::cleanup_preserves_a_branch_the_worktree_did_not_create ... ok
Preparing worktree (new branch 'capture-delegate/run-no-sidecar')
test tests::orphan_cleanup_rejects_forged_repository_metadata ... ok
HEAD is now at 542a962 initial
Preparing worktree (new branch 'keep-this-branch')
HEAD is now at 542a962 initial
test tests::run_worktree_owner_sidecar_tracks_its_lifecycle ... ok
test store::tests::a_version_bump_during_a_blocked_open_is_rejected_without_conversion ... ok
test tests::orphan_cleanup_removes_only_dead_managed_worktrees_and_owned_branches ... ok
test tests::client_writer_stops_after_the_first_failed_frame_write ... ok
test tests::streaming_write_outlives_the_request_write_timeout ... ok

test result: ok. 31 passed; 0 failed; 0 ignored; 0 measured; 0 filtered out; finished in 0.94s

     Running unittests src/main.rs (target/debug/deps/capture_delegate_backend-332ae256d89ecf5c)

running 0 tests

test result: ok. 0 passed; 0 failed; 0 ignored; 0 measured; 0 filtered out; finished in 0.00s

     Running tests/health_socket.rs (target/debug/deps/health_socket-3f934a03b88f8a99)

running 13 tests
test incomplete_client_does_not_terminate_service ... ok
test disconnected_client_does_not_terminate_service ... ok
test bound_socket_is_private_regardless_of_umask ... ok
test stalled_client_does_not_monopolize_accept_loop ... ok
test incompatible_protocol_version_receives_actionable_error_frame ... ok
test malformed_client_does_not_terminate_service ... ok
test health_request_receives_ok_response_before_deadline ... ok
test response_write_failure_does_not_terminate_service ... ok
test oversized_unterminated_client_is_bounded_and_service_survives ... ok
test valid_but_unterminated_request_is_rejected_and_service_survives ... ok
test unknown_request_type_receives_actionable_error_frame ... ok
test stalled_clients_are_backpressured_by_bounded_worker_pool ... ok
test byte_dribbling_client_is_closed_by_total_frame_deadline_and_service_survives ... ok

test result: ok. 13 passed; 0 failed; 0 ignored; 0 measured; 0 filtered out; finished in 0.57s

     Running tests/persistence.rs (target/debug/deps/persistence-27d2f1411c3aa667)

running 7 tests
test store_and_its_parent_directory_are_private ... ok
test missing_store_argument_uses_the_default_application_support_path ... ok
test created_sessions_are_listed_newest_first ... ok
test invalid_session_titles_are_rejected_with_an_error_frame ... ok
test escape_heavy_titles_cannot_produce_an_oversized_create_response ... ok
test sessions_survive_a_backend_restart ... ok
test list_sessions_responses_are_bounded_with_truncation_reported ... ok

test result: ok. 7 passed; 0 failed; 0 ignored; 0 measured; 0 filtered out; finished in 0.07s

     Running tests/process_lifecycle.rs (target/debug/deps/process_lifecycle-f89387241653db17)

running 58 tests
test cat_streams_output_before_one_terminal_exit_frame ... ok
test cat_preserves_a_utf8_scalar_split_at_the_output_read_boundary ... ok
test close_stdin_establishes_a_stable_input_boundary ... ok
test cancel_on_a_separate_connection_preserves_prior_output_and_emits_cancelled_terminal_last ... ok
test cancel_kills_descendant_processes ... ok
test input_controls_on_unknown_runs_return_not_found ... ok
test inherited_output_pipes_do_not_delay_the_terminal_frame ... ok
kill: 58613: No such process
kill: 58613: No such process
test disconnecting_from_yes_stops_the_child_and_leaves_the_backend_responsive ... ok
test duplicate_active_run_id_is_rejected_and_reusable_after_full_teardown ... ok
test cancellation_and_timeout_races_emit_one_terminal_without_hanging ... ok
test health_remains_prompt_while_eight_process_slots_are_occupied ... ok
test input_wait_rejects_invalid_values ... ok
test cancel_succeeds_while_a_paused_runs_stdin_pipe_is_full ... ok
test invalid_timeouts_are_rejected_before_process_admission ... ok
test malformed_input_controls_return_typed_errors ... ok
test natural_leader_exit_kills_descendant_processes ... ok
test non_pty_stderr_stays_separate ... ok
test input_wait_fires_for_a_quiet_pipe_run ... ok
test nonexistent_executable_returns_one_spawn_failure_terminal_frame ... ok
test capacity_exhausted_input_keeps_the_control_connection_usable ... ok
test input_wait_fires_for_a_pty_run ... ok
test pause_unknown_run_and_malformed_pause_return_typed_responses ... ok
test oversized_run_metadata_is_truncated_before_run_exit ... ok
test pty_cancel_kills_the_process_group ... ok
test pause_and_resume_control_the_run_process_group ... ok
test pty_close_stdin_flushes_a_partial_line_to_eof ... ok
test pty_merges_stderr_into_stdout ... ok
test pty_output_is_redacted_and_counted ... ok
test pty_input_round_trip_with_echo_disabled ... ok
test pty_run_sees_a_controlling_tty ... ok
test run_metadata_frame_precedes_run_exit_with_process_details ... ok
test secrets_are_redacted_from_streamed_output ... ok
test input_wait_backpressure_does_not_wedge_cancel ... ok
test send_input_and_close_stdin_drive_a_cat_run_to_natural_exit ... ok
test sigint_kills_active_run_groups ... ok
test sigterm_kills_active_run_groups_and_removes_socket ... ok
test spawn_failure_emits_no_metadata_frame ... ok
test input_wait_does_not_fire_for_busy_silent_run ... ok
test pty_run_times_out_like_pipe_runs ... ok
test input_wait_absent_field_emits_no_waiting_frames ... ok
test slow_reader_does_not_lose_frames ... ok
test concurrent_worktree_runs_get_distinct_branches ... ok
test u64_max_timeout_allows_a_completed_process ... ok
test input_wait_suppressed_while_paused ... ok
test timeout_kills_the_direct_child_emits_one_terminal_last_and_releases_capacity ... ok
test timed_out_runs_release_all_process_capacity ... ok
test dirty_worktree_is_still_removed ... ok
Preparing worktree (new branch 'capture-delegate/run-startup-orphan-3')
HEAD is now at d360f14 initial
Preparing worktree (new branch 'capture-delegate/run-startup-live-3')
HEAD is now at d360f14 initial
Deleted branch capture-delegate/run-startup-live-3 (was d360f14).
test startup_removes_dead_owner_worktrees_without_touching_live_owners ... ok
test worktree_cancel_still_cleans_up ... ok
test worktree_failure_emits_structured_terminal_frame ... ok
test worktree_request_validation ... ok
test worktree_run_executes_in_an_isolated_worktree_and_cleans_up ... ok
test streaming_write_survives_backpressure_longer_than_the_request_timeout ... ok
test worktree_spawn_failure_still_cleans_up ... ok
test worktree_timeout_still_cleans_up ... ok
test timeout_kills_descendant_processes ... ok
test non_reading_client_does_not_wedge_run_termination ... ok
test paused_run_still_times_out_and_kills_its_process_group ... ok

test result: ok. 58 passed; 0 failed; 0 ignored; 0 measured; 0 filtered out; finished in 5.80s

   Doc-tests capture_delegate_backend

running 0 tests

test result: ok. 0 passed; 0 failed; 0 ignored; 0 measured; 0 filtered out; finished in 0.00s

   Compiling capture_delegate_backend v0.1.0 (/Users/krishgarg/conductor/workspaces/cue/moroni/backend)
    Finished `release` profile [optimized] target(s) in 1.27s
[0/1] Planning build
Building for production...
[0/3] Write swift-version--58304C5D6DBC2206.txt
Build complete! (0.09s)
[0/1] Planning build
Building for debugging...
[0/6] Write swift-version--58304C5D6DBC2206.txt
Build complete! (0.09s)
Test Suite 'All tests' started at 2026-08-31 19:43:36.522.
Test Suite 'All tests' passed at 2026-08-31 19:43:36.523.
	 Executed 0 tests, with 0 failures (0 unexpected) in 0.000 (0.001) seconds
◇ Test run started.
↳ Testing Library Version: 1743
↳ Target Platform: arm64e-apple-macos14.0
◇ Test "list sessions request JSON is typed and its response decodes ordered sessions" started.
◇ Test "a quiet process may send its first output frame after the frame deadline" started.
◇ Test "cancel process request JSON and accepted result are typed" started.
◇ Test "oversized response fails within the frame bound" started.
◇ Test "run exit decodes a typed capacity exhaustion failure" started.
◇ Test "run input waiting decodes before the terminal frame" started.
◇ Test "health request JSON is newline delimited" started.
◇ Test "send input capacity exhaustion is decoded as a typed result" started.
◇ Test "run exit decodes a typed worktree failure" started.
◇ Test "start process request JSON is typed and newline delimited" started.
◇ Test "byte-dribbled responses honor one total monotonic deadline" started.
◇ Test "run exit decodes a typed internal error" started.
◇ Test "create session request JSON is typed and its response decodes a session" started.
◇ Test "Swift process events redact secrets and report metadata before exit" started.
◇ Test "sleeping process emits a typed timeout after preserving prior output" started.
◇ Test "process output callback fires before the terminal frame is sent" started.
◇ Test "Swift starts a PTY process and observes tty-marked output" started.
◇ Test "run exit decodes a typed spawn failure" started.
◇ Test "Rust backend and Swift health executable complete the health handshake" started.
◇ Test "Swift sends input, closes stdin, and observes cat exit naturally" started.
◇ Test "Sessions created over the socket survive a backend restart" started.
◇ Test "Swift pauses, resumes, and cancels a running process over typed connections" started.
◇ Test "closed peer returns an error without SIGPIPE termination" started.
◇ Test "Swift cancels a running process over a separate typed connection" started.
◇ Test "nonexistent executable becomes a typed spawn failure event" started.
◇ Test "valid response remains readable over a local socket" started.
◇ Test "Swift process API receives cat output before one terminal event" started.
◇ Test "run exit decodes a typed timeout failure" started.
✔ Test "health request JSON is newline delimited" passed after 0.298 seconds.
✔ Test "send input capacity exhaustion is decoded as a typed result" passed after 0.305 seconds.
✔ Test "cancel process request JSON and accepted result are typed" passed after 0.305 seconds.
✔ Test "start process request JSON is typed and newline delimited" passed after 0.305 seconds.
✔ Test "list sessions request JSON is typed and its response decodes ordered sessions" passed after 0.305 seconds.
✔ Test "run exit decodes a typed capacity exhaustion failure" passed after 0.305 seconds.
✔ Test "run exit decodes a typed worktree failure" passed after 0.305 seconds.
✔ Test "run input waiting decodes before the terminal frame" passed after 0.305 seconds.
✔ Test "run exit decodes a typed spawn failure" passed after 0.305 seconds.
✔ Test "oversized response fails within the frame bound" passed after 0.305 seconds.
✔ Test "Swift starts a PTY process and observes tty-marked output" passed after 0.305 seconds.
✔ Test "closed peer returns an error without SIGPIPE termination" passed after 0.305 seconds.
✔ Test "run exit decodes a typed internal error" passed after 0.305 seconds.
✔ Test "Swift pauses, resumes, and cancels a running process over typed connections" passed after 0.305 seconds.
✔ Test "create session request JSON is typed and its response decodes a session" passed after 0.305 seconds.
✔ Test "Swift process events redact secrets and report metadata before exit" passed after 0.305 seconds.
✔ Test "valid response remains readable over a local socket" passed after 0.305 seconds.
✔ Test "Sessions created over the socket survive a backend restart" passed after 0.305 seconds.
✔ Test "run exit decodes a typed timeout failure" passed after 0.305 seconds.
✔ Test "Swift sends input, closes stdin, and observes cat exit naturally" passed after 0.324 seconds.
✔ Test "nonexistent executable becomes a typed spawn failure event" passed after 0.330 seconds.
✔ Test "Swift cancels a running process over a separate typed connection" passed after 0.343 seconds.
✔ Test "Swift process API receives cat output before one terminal event" passed after 0.344 seconds.
✔ Test "Rust backend and Swift health executable complete the health handshake" passed after 0.377 seconds.
✔ Test "sleeping process emits a typed timeout after preserving prior output" passed after 0.500 seconds.
✔ Test "process output callback fires before the terminal frame is sent" passed after 0.610 seconds.
✔ Test "a quiet process may send its first output frame after the frame deadline" passed after 0.705 seconds.
✔ Test "byte-dribbled responses honor one total monotonic deadline" passed after 0.751 seconds.
✔ Test run with 28 tests in 0 suites passed after 0.752 seconds.
    Finished `release` profile [optimized] target(s) in 0.01s
[0/1] Planning build
Building for production...
[0/3] Write swift-version--58304C5D6DBC2206.txt
Build complete! (0.09s)
backend ok
