    Finished `dev` profile [unoptimized + debuginfo] target(s) in 0.03s
    Finished `test` profile [unoptimized + debuginfo] target(s) in 0.02s
     Running unittests src/lib.rs (target/debug/deps/capture_delegate_backend-39fb6de77e1f3fc5)

running 15 tests
test tests::active_run_registry_rejects_duplicates_and_releases_ids_on_teardown ... ok
test tests::completed_child_wins_over_a_pending_cancellation ... ok
test tests::completed_child_wins_over_an_elapsed_timeout ... ok
test tests::closing_stdin_rejects_later_input ... ok
test tests::pausing_before_the_process_group_is_known_records_the_pause_without_signalling ... ok
test tests::shutdown_cancels_existing_runs_and_rejects_new_registrations ... ok
test tests::exhausted_process_slots_emit_a_terminal_capacity_failure_without_waiting ... ok
test tests::cleanup_does_not_unlink_replacement_socket ... ok
test tests::nonexistent_executable_emits_a_structured_terminal_frame ... ok
test tests::benign_output_is_not_changed_by_redaction ... ok
test tests::output_scalar_split_at_read_boundary_is_not_corrupted ... ok
test tests::secret_pattern_classes_are_redacted_and_counted ... ok
test tests::cat_process_outputs_before_one_exit_frame ... ok
test tests::input_buffered_before_stdin_is_published_is_delivered_in_order ... ok
test tests::streaming_write_outlives_the_request_write_timeout ... ok

test result: ok. 15 passed; 0 failed; 0 ignored; 0 measured; 0 filtered out; finished in 0.92s

     Running unittests src/main.rs (target/debug/deps/capture_delegate_backend-f65f386cbb25ec80)

running 0 tests

test result: ok. 0 passed; 0 failed; 0 ignored; 0 measured; 0 filtered out; finished in 0.00s

     Running tests/health_socket.rs (target/debug/deps/health_socket-9d38009ee7e84a8e)

running 13 tests
test health_request_receives_ok_response_before_deadline ... ok
test incomplete_client_does_not_terminate_service ... ok
test malformed_client_does_not_terminate_service ... ok
test response_write_failure_does_not_terminate_service ... ok
test disconnected_client_does_not_terminate_service ... ok
test incompatible_protocol_version_receives_actionable_error_frame ... ok
test stalled_client_does_not_monopolize_accept_loop ... ok
test bound_socket_is_private_regardless_of_umask ... ok
test unknown_request_type_receives_actionable_error_frame ... ok
test valid_but_unterminated_request_is_rejected_and_service_survives ... ok
test oversized_unterminated_client_is_bounded_and_service_survives ... ok
test stalled_clients_are_backpressured_by_bounded_worker_pool ... ok
test byte_dribbling_client_is_closed_by_total_frame_deadline_and_service_survives ... ok

test result: ok. 13 passed; 0 failed; 0 ignored; 0 measured; 0 filtered out; finished in 0.47s

     Running tests/process_lifecycle.rs (target/debug/deps/process_lifecycle-bc1e9043f46530e8)

running 46 tests
test cat_preserves_a_utf8_scalar_split_at_the_output_read_boundary ... ok
test close_stdin_establishes_a_stable_input_boundary ... ok
test cat_streams_output_before_one_terminal_exit_frame ... ok
test input_controls_on_unknown_runs_return_not_found ... ok
test cancel_kills_descendant_processes ... ok
test cancel_on_a_separate_connection_preserves_prior_output_and_emits_cancelled_terminal_last ... ok
test inherited_output_pipes_do_not_delay_the_terminal_frame ... ok
kill: 22735: No such process
test duplicate_active_run_id_is_rejected_and_reusable_after_full_teardown ... ok
kill: 22735: No such process
test disconnecting_from_yes_stops_the_child_and_leaves_the_backend_responsive ... ok
test health_remains_prompt_while_eight_process_slots_are_occupied ... ok
test cancellation_and_timeout_races_emit_one_terminal_without_hanging ... ok
test malformed_input_controls_return_typed_errors ... ok
test input_wait_rejects_invalid_values ... ok
test natural_leader_exit_kills_descendant_processes ... ok
test non_pty_stderr_stays_separate ... ok
test nonexistent_executable_returns_one_spawn_failure_terminal_frame ... ok
test oversized_run_metadata_is_truncated_before_run_exit ... ok
test pause_unknown_run_and_malformed_pause_return_typed_responses ... ok
test pause_and_resume_control_the_run_process_group ... ok
test pty_cancel_kills_the_process_group ... ok
test invalid_timeouts_are_rejected_before_process_admission ... ok
test pty_close_stdin_flushes_a_partial_line_to_eof ... ok
test pty_merges_stderr_into_stdout ... ok
test pty_output_is_redacted_and_counted ... ok
test pty_input_round_trip_with_echo_disabled ... ok
test pty_run_sees_a_controlling_tty ... ok
test run_metadata_frame_precedes_run_exit_with_process_details ... ok
test secrets_are_redacted_from_streamed_output ... ok
test send_input_and_close_stdin_drive_a_cat_run_to_natural_exit ... ok
test cancel_succeeds_while_a_paused_runs_stdin_pipe_is_full ... ok
test sigint_kills_active_run_groups ... ok
test spawn_failure_emits_no_metadata_frame ... ok
test sigterm_kills_active_run_groups_and_removes_socket ... ok
test pty_run_times_out_like_pipe_runs ... ok
test timed_out_runs_release_all_process_capacity ... ok
test input_wait_fires_for_a_quiet_pipe_run ... ok
test u64_max_timeout_allows_a_completed_process ... ok
test input_wait_fires_for_a_pty_run ... ok
test timeout_kills_the_direct_child_emits_one_terminal_last_and_releases_capacity ... ok
test input_wait_backpressure_does_not_wedge_cancel ... ok
test input_wait_does_not_fire_for_busy_silent_run ... ok
test input_wait_absent_field_emits_no_waiting_frames ... ok
test input_wait_suppressed_while_paused ... ok
test streaming_write_survives_backpressure_longer_than_the_request_timeout ... ok
test timeout_kills_descendant_processes ... ok
test paused_run_still_times_out_and_kills_its_process_group ... ok

test result: ok. 46 passed; 0 failed; 0 ignored; 0 measured; 0 filtered out; finished in 5.20s

   Doc-tests capture_delegate_backend

running 0 tests

test result: ok. 0 passed; 0 failed; 0 ignored; 0 measured; 0 filtered out; finished in 0.00s

    Finished `release` profile [optimized] target(s) in 0.00s
[0/1] Planning build
Building for production...
[0/3] Write swift-version--58304C5D6DBC2206.txt
Build complete! (0.09s)
[0/1] Planning build
Building for debugging...
[0/6] Write swift-version--58304C5D6DBC2206.txt
Build complete! (0.09s)
Test Suite 'All tests' started at 2026-07-18 13:59:54.048.
Test Suite 'All tests' passed at 2026-07-18 13:59:54.049.
	 Executed 0 tests, with 0 failures (0 unexpected) in 0.000 (0.001) seconds
◇ Test run started.
↳ Testing Library Version: 1743
↳ Target Platform: arm64e-apple-macos14.0
◇ Test "valid response remains readable over a local socket" started.
◇ Test "byte-dribbled responses honor one total monotonic deadline" started.
◇ Test "oversized response fails within the frame bound" started.
◇ Test "a quiet process may send its first output frame after the frame deadline" started.
◇ Test "cancel process request JSON and accepted result are typed" started.
◇ Test "closed peer returns an error without SIGPIPE termination" started.
◇ Test "run exit decodes a typed timeout failure" started.
◇ Test "run exit decodes a typed capacity exhaustion failure" started.
◇ Test "nonexistent executable becomes a typed spawn failure event" started.
◇ Test "Swift process API receives cat output before one terminal event" started.
◇ Test "process output callback fires before the terminal frame is sent" started.
◇ Test "Swift sends input, closes stdin, and observes cat exit naturally" started.
◇ Test "Swift process events redact secrets and report metadata before exit" started.
◇ Test "run exit decodes a typed spawn failure" started.
◇ Test "Swift starts a PTY process and observes tty-marked output" started.
◇ Test "sleeping process emits a typed timeout after preserving prior output" started.
◇ Test "run input waiting decodes before the terminal frame" started.
◇ Test "Rust backend and Swift health executable complete the health handshake" started.
◇ Test "Swift pauses, resumes, and cancels a running process over typed connections" started.
◇ Test "health request JSON is newline delimited" started.
◇ Test "start process request JSON is typed and newline delimited" started.
◇ Test "Swift cancels a running process over a separate typed connection" started.
✔ Test "closed peer returns an error without SIGPIPE termination" passed after 0.256 seconds.
✔ Test "valid response remains readable over a local socket" passed after 0.256 seconds.
✔ Test "cancel process request JSON and accepted result are typed" passed after 0.256 seconds.
✔ Test "run exit decodes a typed timeout failure" passed after 0.256 seconds.
✔ Test "run exit decodes a typed capacity exhaustion failure" passed after 0.256 seconds.
✔ Test "run exit decodes a typed spawn failure" passed after 0.256 seconds.
✔ Test "oversized response fails within the frame bound" passed after 0.256 seconds.
✔ Test "run input waiting decodes before the terminal frame" passed after 0.256 seconds.
✔ Test "Swift process events redact secrets and report metadata before exit" passed after 0.256 seconds.
✔ Test "nonexistent executable becomes a typed spawn failure event" passed after 0.256 seconds.
✔ Test "health request JSON is newline delimited" passed after 0.256 seconds.
✔ Test "start process request JSON is typed and newline delimited" passed after 0.256 seconds.
✔ Test "Swift starts a PTY process and observes tty-marked output" passed after 0.256 seconds.
✔ Test "Swift process API receives cat output before one terminal event" passed after 0.261 seconds.
✔ Test "Swift sends input, closes stdin, and observes cat exit naturally" passed after 0.296 seconds.
✔ Test "Swift cancels a running process over a separate typed connection" passed after 0.301 seconds.
✔ Test "Swift pauses, resumes, and cancels a running process over typed connections" passed after 0.305 seconds.
✔ Test "Rust backend and Swift health executable complete the health handshake" passed after 0.319 seconds.
✔ Test "sleeping process emits a typed timeout after preserving prior output" passed after 0.462 seconds.
✔ Test "process output callback fires before the terminal frame is sent" passed after 0.609 seconds.
✔ Test "a quiet process may send its first output frame after the frame deadline" passed after 0.701 seconds.
✔ Test "byte-dribbled responses honor one total monotonic deadline" passed after 0.720 seconds.
✔ Test run with 22 tests in 0 suites passed after 0.720 seconds.
    Finished `release` profile [optimized] target(s) in 0.01s
[0/1] Planning build
Building for production...
[0/3] Write swift-version--58304C5D6DBC2206.txt
Build complete! (0.09s)
backend ok
