    Finished `dev` profile [unoptimized + debuginfo] target(s) in 0.02s
    Finished `test` profile [unoptimized + debuginfo] target(s) in 0.02s
     Running unittests src/lib.rs (target/debug/deps/capture_delegate_backend-d097ed659397632e)

running 13 tests
test tests::active_run_registry_rejects_duplicates_and_releases_ids_on_teardown ... ok
test tests::completed_child_wins_over_a_pending_cancellation ... ok
test tests::completed_child_wins_over_an_elapsed_timeout ... ok
test tests::closing_stdin_rejects_later_input ... ok
test tests::pausing_before_the_process_group_is_known_records_the_pause_without_signalling ... ok
test tests::shutdown_cancels_existing_runs_and_rejects_new_registrations ... ok
test tests::output_scalar_split_at_read_boundary_is_not_corrupted ... ok
test tests::cleanup_does_not_unlink_replacement_socket ... ok
test tests::exhausted_process_slots_emit_a_terminal_capacity_failure_without_waiting ... ok
test tests::nonexistent_executable_emits_a_structured_terminal_frame ... ok
test tests::input_buffered_before_stdin_is_published_is_delivered_in_order ... ok
test tests::cat_process_outputs_before_one_exit_frame ... ok
test tests::streaming_write_outlives_the_request_write_timeout ... ok

test result: ok. 13 passed; 0 failed; 0 ignored; 0 measured; 0 filtered out; finished in 0.77s

     Running unittests src/main.rs (target/debug/deps/capture_delegate_backend-b30b401a58d6baed)

running 0 tests

test result: ok. 0 passed; 0 failed; 0 ignored; 0 measured; 0 filtered out; finished in 0.00s

     Running tests/health_socket.rs (target/debug/deps/health_socket-fa386bb4f2f25294)

running 13 tests
test incomplete_client_does_not_terminate_service ... ok
test health_request_receives_ok_response_before_deadline ... ok
test malformed_client_does_not_terminate_service ... ok
test bound_socket_is_private_regardless_of_umask ... ok
test incompatible_protocol_version_receives_actionable_error_frame ... ok
test stalled_client_does_not_monopolize_accept_loop ... ok
test response_write_failure_does_not_terminate_service ... ok
test disconnected_client_does_not_terminate_service ... ok
test valid_but_unterminated_request_is_rejected_and_service_survives ... ok
test unknown_request_type_receives_actionable_error_frame ... ok
test oversized_unterminated_client_is_bounded_and_service_survives ... ok
test byte_dribbling_client_is_closed_by_total_frame_deadline_and_service_survives ... ok
test stalled_clients_are_backpressured_by_bounded_worker_pool ... ok

test result: ok. 13 passed; 0 failed; 0 ignored; 0 measured; 0 filtered out; finished in 0.40s

     Running tests/process_lifecycle.rs (target/debug/deps/process_lifecycle-e7b06df4e1cf469b)

running 27 tests
test cat_preserves_a_utf8_scalar_split_at_the_output_read_boundary ... ok
test cat_streams_output_before_one_terminal_exit_frame ... ok
test input_controls_on_unknown_runs_return_not_found ... ok
test close_stdin_establishes_a_stable_input_boundary ... ok
test cancel_kills_descendant_processes ... ok
test cancel_on_a_separate_connection_preserves_prior_output_and_emits_cancelled_terminal_last ... ok
test malformed_input_controls_return_typed_errors ... ok
test nonexistent_executable_returns_one_spawn_failure_terminal_frame ... ok
test pause_unknown_run_and_malformed_pause_return_typed_responses ... ok
kill: 68866: No such process
kill: 68866: No such process
test disconnecting_from_yes_stops_the_child_and_leaves_the_backend_responsive ... ok
test inherited_output_pipes_do_not_delay_the_terminal_frame ... ok
test duplicate_active_run_id_is_rejected_and_reusable_after_full_teardown ... ok
test natural_leader_exit_kills_descendant_processes ... ok
test pause_and_resume_control_the_run_process_group ... ok
test health_remains_prompt_while_eight_process_slots_are_occupied ... ok
test send_input_and_close_stdin_drive_a_cat_run_to_natural_exit ... ok
test sigint_kills_active_run_groups ... ok
test cancellation_and_timeout_races_emit_one_terminal_without_hanging ... ok
test u64_max_timeout_allows_a_completed_process ... ok
test sigterm_kills_active_run_groups_and_removes_socket ... ok
test invalid_timeouts_are_rejected_before_process_admission ... ok
test timeout_kills_the_direct_child_emits_one_terminal_last_and_releases_capacity ... ok
test timed_out_runs_release_all_process_capacity ... ok
test cancel_succeeds_while_a_paused_runs_stdin_pipe_is_full ... ok
test streaming_write_survives_backpressure_longer_than_the_request_timeout ... ok
test timeout_kills_descendant_processes ... ok
test paused_run_still_times_out_and_kills_its_process_group ... ok

test result: ok. 27 passed; 0 failed; 0 ignored; 0 measured; 0 filtered out; finished in 5.06s

   Doc-tests capture_delegate_backend

running 0 tests

test result: ok. 0 passed; 0 failed; 0 ignored; 0 measured; 0 filtered out; finished in 0.00s

   Compiling capture_delegate_backend v0.1.0 (/Users/krishgarg/conductor/workspaces/cue/moroni/backend)
    Finished `release` profile [optimized] target(s) in 0.59s
[0/1] Planning build
Building for production...
[0/4] Write sources
[1/4] Write swift-version--58304C5D6DBC2206.txt
[3/5] Compiling CaptureDelegateIPC IPCClient.swift
[4/7] Compiling CaptureDelegateHealth main.swift
[4/8] Write Objects.LinkFileList
[6/8] Compiling CaptureDelegateApp CaptureDelegateApp.swift
[6/9] Write Objects.LinkFileList
[7/9] Linking capture-delegate-health
[8/9] Linking CaptureDelegateApp
Build complete! (1.55s)
[0/1] Planning build
Building for debugging...
[0/7] Write sources
[1/7] Write swift-version--58304C5D6DBC2206.txt
[3/9] Compiling CaptureDelegateIPC IPCClient.swift
[4/9] Emitting module CaptureDelegateIPC
[4/11] Write Objects.LinkFileList
[6/15] Emitting module CaptureDelegateApp
[7/15] Emitting module CaptureDelegateIPCTests
[7/16] Write Objects.LinkFileList
[8/16] Linking capture-delegate-health
[9/16] Applying capture-delegate-health
[10/16] Linking CaptureDelegateApp
[11/16] Applying CaptureDelegateApp
[13/16] Emitting module CaptureDelegateIntegrationTests
[14/16] Compiling CaptureDelegateIntegrationTests ProcessLifecycleTests.swift
[14/16] Write Objects.LinkFileList
[15/16] Linking CaptureDelegatePackageTests
Build complete! (1.08s)
Test Suite 'All tests' started at 2026-07-18 03:42:38.966.
Test Suite 'All tests' passed at 2026-07-18 03:42:38.967.
	 Executed 0 tests, with 0 failures (0 unexpected) in 0.000 (0.001) seconds
◇ Test run started.
↳ Testing Library Version: 1743
↳ Target Platform: arm64e-apple-macos14.0
◇ Test "process output callback fires before the terminal frame is sent" started.
◇ Test "a quiet process may send its first output frame after the frame deadline" started.
◇ Test "health request JSON is newline delimited" started.
◇ Test "sleeping process emits a typed timeout after preserving prior output" started.
◇ Test "oversized response fails within the frame bound" started.
◇ Test "run exit decodes a typed capacity exhaustion failure" started.
◇ Test "Swift process API receives cat output before one terminal event" started.
◇ Test "valid response remains readable over a local socket" started.
◇ Test "Swift pauses, resumes, and cancels a running process over typed connections" started.
◇ Test "byte-dribbled responses honor one total monotonic deadline" started.
◇ Test "run exit decodes a typed timeout failure" started.
◇ Test "run exit decodes a typed spawn failure" started.
◇ Test "Swift cancels a running process over a separate typed connection" started.
◇ Test "start process request JSON is typed and newline delimited" started.
◇ Test "cancel process request JSON and accepted result are typed" started.
◇ Test "Swift sends input, closes stdin, and observes cat exit naturally" started.
◇ Test "closed peer returns an error without SIGPIPE termination" started.
◇ Test "Rust backend and Swift health executable complete the health handshake" started.
◇ Test "nonexistent executable becomes a typed spawn failure event" started.
✔ Test "health request JSON is newline delimited" passed after 0.001 seconds.
✔ Test "valid response remains readable over a local socket" passed after 0.268 seconds.
✔ Test "run exit decodes a typed timeout failure" passed after 0.268 seconds.
✔ Test "run exit decodes a typed capacity exhaustion failure" passed after 0.268 seconds.
✔ Test "run exit decodes a typed spawn failure" passed after 0.268 seconds.
✔ Test "start process request JSON is typed and newline delimited" passed after 0.268 seconds.
✔ Test "cancel process request JSON and accepted result are typed" passed after 0.268 seconds.
✔ Test "closed peer returns an error without SIGPIPE termination" passed after 0.268 seconds.
✔ Test "oversized response fails within the frame bound" passed after 0.268 seconds.
✔ Test "nonexistent executable becomes a typed spawn failure event" passed after 0.268 seconds.
✔ Test "Swift process API receives cat output before one terminal event" passed after 0.277 seconds.
✔ Test "Swift pauses, resumes, and cancels a running process over typed connections" passed after 0.287 seconds.
✔ Test "Swift sends input, closes stdin, and observes cat exit naturally" passed after 0.293 seconds.
✔ Test "Swift cancels a running process over a separate typed connection" passed after 0.293 seconds.
✔ Test "sleeping process emits a typed timeout after preserving prior output" passed after 0.475 seconds.
✔ Test "Rust backend and Swift health executable complete the health handshake" passed after 0.533 seconds.
✔ Test "process output callback fires before the terminal frame is sent" passed after 0.612 seconds.
✔ Test "a quiet process may send its first output frame after the frame deadline" passed after 0.710 seconds.
✔ Test "byte-dribbled responses honor one total monotonic deadline" passed after 0.750 seconds.
✔ Test run with 19 tests in 0 suites passed after 0.750 seconds.
    Finished `release` profile [optimized] target(s) in 0.00s
[0/1] Planning build
Building for production...
[0/3] Write swift-version--58304C5D6DBC2206.txt
Build complete! (0.09s)
backend ok
