    Finished `test` profile [unoptimized + debuginfo] target(s) in 0.01s
     Running tests/persistence.rs (target/debug/deps/persistence-27d2f1411c3aa667)

running 4 tests
test duplicate_packet_keys_collapse_to_the_last_member ... ok
test task_packet_numbers_list_as_the_values_they_were_admitted_as ... FAILED
test packet_numbers_outside_the_f64_range_close_the_connection_unanswered ... ok
test every_accepted_task_packet_stays_listable_after_its_text_reloads ... FAILED

failures:

---- task_packet_numbers_list_as_the_values_they_were_admitted_as stdout ----

thread 'task_packet_numbers_list_as_the_values_they_were_admitted_as' (25763451) panicked at backend/tests/persistence.rs:2836:5:
assertion `left == right` failed: a stored number must survive its reload from canonical text unchanged
  left: Object {"measurement": Number(3.070053295902044e+87), "task_packet_version": Number(1)}
 right: Object {"measurement": Number(3.0700532959020438e+87), "task_packet_version": Number(1)}
note: run with `RUST_BACKTRACE=1` environment variable to display a backtrace

---- every_accepted_task_packet_stays_listable_after_its_text_reloads stdout ----

thread 'every_accepted_task_packet_stays_listable_after_its_text_reloads' (25763449) panicked at backend/tests/persistence.rs:2876:9:
assertion `left == right` failed: an admitted packet must survive its own reload, nulls=1013
  left: 0
 right: 1


failures:
    every_accepted_task_packet_stays_listable_after_its_text_reloads
    task_packet_numbers_list_as_the_values_they_were_admitted_as

test result: FAILED. 2 passed; 2 failed; 0 ignored; 0 measured; 44 filtered out; finished in 0.45s

error: test failed, to rerun pass `--test persistence`
